2024-09-27T17:09:44.464+01:00  INFO 8732 --- [Security-Demo] [main] c.t.s.SpringSecurityApplication          : Starting SpringSecurityApplication using Java 17.0.9 with PID 8732 (C:\projet\spring-security\spring-security\target\classes started by Surface in C:\projet\spring-security)
2024-09-27T17:09:44.473+01:00  INFO 8732 --- [Security-Demo] [main] c.t.s.SpringSecurityApplication          : No active profile set, falling back to 1 default profile: "default"
2024-09-27T17:09:47.822+01:00  INFO 8732 --- [Security-Demo] [main] .s.d.r.c.RepositoryConfigurationDelegate : Bootstrapping Spring Data JPA repositories in DEFAULT mode.
2024-09-27T17:09:48.186+01:00  INFO 8732 --- [Security-Demo] [main] .s.d.r.c.RepositoryConfigurationDelegate : Finished Spring Data repository scanning in 299 ms. Found 1 JPA repository interface.
2024-09-27T17:09:50.825+01:00  INFO 8732 --- [Security-Demo] [main] o.s.b.w.embedded.tomcat.TomcatWebServer  : Tomcat initialized with port 8080 (http)
2024-09-27T17:09:50.913+01:00  INFO 8732 --- [Security-Demo] [main] o.apache.catalina.core.StandardService   : Starting service [Tomcat]
2024-09-27T17:09:50.915+01:00  INFO 8732 --- [Security-Demo] [main] o.apache.catalina.core.StandardEngine    : Starting Servlet engine: [Apache Tomcat/10.1.17]
2024-09-27T17:09:51.605+01:00  INFO 8732 --- [Security-Demo] [main] o.a.c.c.C.[Tomcat].[localhost].[/]       : Initializing Spring embedded WebApplicationContext
2024-09-27T17:09:51.607+01:00  INFO 8732 --- [Security-Demo] [main] w.s.c.ServletWebServerApplicationContext : Root WebApplicationContext: initialization completed in 6978 ms
2024-09-27T17:09:52.390+01:00  INFO 8732 --- [Security-Demo] [main] o.hibernate.jpa.internal.util.LogHelper  : HHH000204: Processing PersistenceUnitInfo [name: default]
2024-09-27T17:09:52.602+01:00  INFO 8732 --- [Security-Demo] [main] org.hibernate.Version                    : HHH000412: Hibernate ORM core version 6.4.1.Final
2024-09-27T17:09:52.746+01:00  INFO 8732 --- [Security-Demo] [main] o.h.c.internal.RegionFactoryInitiator    : HHH000026: Second-level cache disabled
2024-09-27T17:09:53.933+01:00  INFO 8732 --- [Security-Demo] [main] o.s.o.j.p.SpringPersistenceUnitInfo      : No LoadTimeWeaver setup: ignoring JPA class transformer
2024-09-27T17:09:54.028+01:00  INFO 8732 --- [Security-Demo] [main] com.zaxxer.hikari.HikariDataSource       : HikariPool-1 - Starting...
2024-09-27T17:09:55.564+01:00  INFO 8732 --- [Security-Demo] [main] com.zaxxer.hikari.pool.HikariPool        : HikariPool-1 - Added connection com.mysql.cj.jdbc.ConnectionImpl@5aa6da2
2024-09-27T17:09:55.571+01:00  INFO 8732 --- [Security-Demo] [main] com.zaxxer.hikari.HikariDataSource       : HikariPool-1 - Start completed.
2024-09-27T17:09:55.720+01:00  WARN 8732 --- [Security-Demo] [main] org.hibernate.orm.deprecation            : HHH90000025: MySQLDialect does not need to be specified explicitly using 'hibernate.dialect' (remove the property setting and it will be selected by default)
2024-09-27T17:09:58.138+01:00  INFO 8732 --- [Security-Demo] [main] o.h.e.t.j.p.i.JtaPlatformInitiator       : HHH000489: No JTA platform available (set 'hibernate.transaction.jta.platform' to enable JTA platform integration)
2024-09-27T17:09:58.237+01:00  INFO 8732 --- [Security-Demo] [main] j.LocalContainerEntityManagerFactoryBean : Initialized JPA EntityManagerFactory for persistence unit 'default'
2024-09-27T17:09:59.584+01:00  WARN 8732 --- [Security-Demo] [main] JpaBaseConfiguration$JpaWebConfiguration : spring.jpa.open-in-view is enabled by default. Therefore, database queries may be performed during view rendering. Explicitly configure spring.jpa.open-in-view to disable this warning
2024-09-27T17:10:00.410+01:00  INFO 8732 --- [Security-Demo] [main] o.s.s.web.DefaultSecurityFilterChain     : Will secure any request with [org.springframework.security.web.session.DisableEncodeUrlFilter@4198921f, org.springframework.security.web.context.request.async.WebAsyncManagerIntegrationFilter@44181746, org.springframework.security.web.context.SecurityContextHolderFilter@68e62b3b, org.springframework.security.web.header.HeaderWriterFilter@5625ba2, org.springframework.web.filter.CorsFilter@21fa19e4, org.springframework.security.web.authentication.logout.LogoutFilter@2bf0bb93, com.techsoft.springsecurity.filter.JwtFilter@49ee3b8d, org.springframework.security.web.savedrequest.RequestCacheAwareFilter@17e4beda, org.springframework.security.web.servletapi.SecurityContextHolderAwareRequestFilter@1be4f05c, org.springframework.security.web.authentication.AnonymousAuthenticationFilter@33a58fcb, org.springframework.security.web.session.SessionManagementFilter@14091e24, org.springframework.security.web.access.ExceptionTranslationFilter@13cc3984, org.springframework.security.web.access.intercept.AuthorizationFilter@154208f2]
2024-09-27T17:10:01.209+01:00  INFO 8732 --- [Security-Demo] [main] o.s.b.w.embedded.tomcat.TomcatWebServer  : Tomcat started on port 8080 (http) with context path ''
2024-09-27T17:10:01.230+01:00  INFO 8732 --- [Security-Demo] [main] c.t.s.SpringSecurityApplication          : Started SpringSecurityApplication in 18.221 seconds (process running for 19.676)
