2024-09-27T17:12:39.228+01:00  INFO 8732 --- [Security-Demo] [SpringApplicationShutdownHook] j.LocalContainerEntityManagerFactoryBean : Closing JPA EntityManagerFactory for persistence unit 'default'
2024-09-27T17:12:39.237+01:00  INFO 8732 --- [Security-Demo] [SpringApplicationShutdownHook] com.zaxxer.hikari.HikariDataSource       : HikariPool-1 - Shutdown initiated...
2024-09-27T17:12:39.322+01:00  INFO 8732 --- [Security-Demo] [SpringApplicationShutdownHook] com.zaxxer.hikari.HikariDataSource       : HikariPool-1 - Shutdown completed.
2024-09-27T17:12:58.070+01:00  INFO 1276 --- [Security-Demo] [main] c.t.s.SpringSecurityApplication          : Starting SpringSecurityApplication using Java 17.0.9 with PID 1276 (C:\projet\spring-security\spring-security\target\classes started by Surface in C:\projet\spring-security)
2024-09-27T17:12:58.085+01:00  INFO 1276 --- [Security-Demo] [main] c.t.s.SpringSecurityApplication          : No active profile set, falling back to 1 default profile: "default"
2024-09-27T17:13:02.138+01:00  INFO 1276 --- [Security-Demo] [main] .s.d.r.c.RepositoryConfigurationDelegate : Bootstrapping Spring Data JPA repositories in DEFAULT mode.
2024-09-27T17:13:02.478+01:00  INFO 1276 --- [Security-Demo] [main] .s.d.r.c.RepositoryConfigurationDelegate : Finished Spring Data repository scanning in 296 ms. Found 1 JPA repository interface.
2024-09-27T17:13:06.358+01:00  INFO 1276 --- [Security-Demo] [main] o.s.b.w.embedded.tomcat.TomcatWebServer  : Tomcat initialized with port 8080 (http)
2024-09-27T17:13:06.420+01:00  INFO 1276 --- [Security-Demo] [main] o.apache.catalina.core.StandardService   : Starting service [Tomcat]
2024-09-27T17:13:06.421+01:00  INFO 1276 --- [Security-Demo] [main] o.apache.catalina.core.StandardEngine    : Starting Servlet engine: [Apache Tomcat/10.1.17]
2024-09-27T17:13:06.861+01:00  INFO 1276 --- [Security-Demo] [main] o.a.c.c.C.[Tomcat].[localhost].[/]       : Initializing Spring embedded WebApplicationContext
2024-09-27T17:13:06.862+01:00  INFO 1276 --- [Security-Demo] [main] w.s.c.ServletWebServerApplicationContext : Root WebApplicationContext: initialization completed in 7958 ms
2024-09-27T17:13:07.955+01:00  INFO 1276 --- [Security-Demo] [main] o.hibernate.jpa.internal.util.LogHelper  : HHH000204: Processing PersistenceUnitInfo [name: default]
2024-09-27T17:13:08.477+01:00  INFO 1276 --- [Security-Demo] [main] org.hibernate.Version                    : HHH000412: Hibernate ORM core version 6.4.1.Final
2024-09-27T17:13:08.638+01:00  INFO 1276 --- [Security-Demo] [main] o.h.c.internal.RegionFactoryInitiator    : HHH000026: Second-level cache disabled
2024-09-27T17:13:09.684+01:00  INFO 1276 --- [Security-Demo] [main] o.s.o.j.p.SpringPersistenceUnitInfo      : No LoadTimeWeaver setup: ignoring JPA class transformer
2024-09-27T17:13:09.798+01:00  INFO 1276 --- [Security-Demo] [main] com.zaxxer.hikari.HikariDataSource       : HikariPool-1 - Starting...
2024-09-27T17:13:11.413+01:00  INFO 1276 --- [Security-Demo] [main] com.zaxxer.hikari.pool.HikariPool        : HikariPool-1 - Added connection com.mysql.cj.jdbc.ConnectionImpl@13908f9c
2024-09-27T17:13:11.423+01:00  INFO 1276 --- [Security-Demo] [main] com.zaxxer.hikari.HikariDataSource       : HikariPool-1 - Start completed.
2024-09-27T17:13:11.749+01:00  WARN 1276 --- [Security-Demo] [main] org.hibernate.orm.deprecation            : HHH90000025: MySQLDialect does not need to be specified explicitly using 'hibernate.dialect' (remove the property setting and it will be selected by default)
2024-09-27T17:13:14.540+01:00  INFO 1276 --- [Security-Demo] [main] o.h.e.t.j.p.i.JtaPlatformInitiator       : HHH000489: No JTA platform available (set 'hibernate.transaction.jta.platform' to enable JTA platform integration)
2024-09-27T17:13:14.670+01:00  INFO 1276 --- [Security-Demo] [main] j.LocalContainerEntityManagerFactoryBean : Initialized JPA EntityManagerFactory for persistence unit 'default'
2024-09-27T17:13:16.642+01:00  WARN 1276 --- [Security-Demo] [main] JpaBaseConfiguration$JpaWebConfiguration : spring.jpa.open-in-view is enabled by default. Therefore, database queries may be performed during view rendering. Explicitly configure spring.jpa.open-in-view to disable this warning
2024-09-27T17:13:17.519+01:00  INFO 1276 --- [Security-Demo] [main] o.s.s.web.DefaultSecurityFilterChain     : Will secure any request with [org.springframework.security.web.session.DisableEncodeUrlFilter@33a58fcb, org.springframework.security.web.context.request.async.WebAsyncManagerIntegrationFilter@36a8ebca, org.springframework.security.web.context.SecurityContextHolderFilter@1be4f05c, org.springframework.security.web.header.HeaderWriterFilter@52b7c1d9, org.springframework.web.filter.CorsFilter@328e687e, org.springframework.security.web.authentication.logout.LogoutFilter@4c1fed69, com.techsoft.springsecurity.filter.JwtFilter@5c8d631, org.springframework.security.web.savedrequest.RequestCacheAwareFilter@61627c9d, org.springframework.security.web.servletapi.SecurityContextHolderAwareRequestFilter@53c21c05, org.springframework.security.web.authentication.AnonymousAuthenticationFilter@434a72f2, org.springframework.security.web.session.SessionManagementFilter@68e62b3b, org.springframework.security.web.access.ExceptionTranslationFilter@47bbf44d, org.springframework.security.web.access.intercept.AuthorizationFilter@4198921f]
2024-09-27T17:13:18.163+01:00  INFO 1276 --- [Security-Demo] [main] o.s.b.w.embedded.tomcat.TomcatWebServer  : Tomcat started on port 8080 (http) with context path ''
2024-09-27T17:13:18.185+01:00  INFO 1276 --- [Security-Demo] [main] c.t.s.SpringSecurityApplication          : Started SpringSecurityApplication in 23.182 seconds (process running for 24.941)
2024-09-27T17:13:26.650+01:00  INFO 1276 --- [Security-Demo] [SpringApplicationShutdownHook] j.LocalContainerEntityManagerFactoryBean : Closing JPA EntityManagerFactory for persistence unit 'default'
2024-09-27T17:13:26.658+01:00  INFO 1276 --- [Security-Demo] [SpringApplicationShutdownHook] com.zaxxer.hikari.HikariDataSource       : HikariPool-1 - Shutdown initiated...
2024-09-27T17:13:26.679+01:00  INFO 1276 --- [Security-Demo] [SpringApplicationShutdownHook] com.zaxxer.hikari.HikariDataSource       : HikariPool-1 - Shutdown completed.
